// Jest Snapshot v1, https://goo.gl/fbAQLP

exports[`should check for FormHeader props and classes 1`] = `
<div
  className="folio-container md:m-8 m-2 box-border border-2 border-black md:p-8 p-2 rounded"
>
  <div>
    <div
      className="text-2xl font-bold flex items-center"
    >
      Future Ready SIP
       Â 
      <img
        alt=""
        src="./exclamation-mark-inside-a-circle-svgrepo-com.svg"
        style={
          Object {
            "height": "20px",
          }
        }
      />
    </div>
    <div
      className="my-4"
    >
      Be Future Ready by starting a SIP today and planning your SWP for future
    </div>
  </div>
  <hr
    className="h-px my-4 bg-gray-400 border-0"
  />
  <div
    className="flex"
  >
    <select
      className="rounded border-black border-2 h-8 p-1 placeholder-gray-400 outline-0 md:w-1/5 w-1/2 md:text-base text-xs"
      disabled={false}
    >
      <option
        label="Choose Folio no"
        value=""
      />
      <option
        label="SNP11289078R"
        value="BlackSalt"
      />
    </select>
    <div
      className="md:mx-8 mx-2"
    >
      OR
    </div>
    <button
      className="border-amber-400 border-2 rounded text-amber-400 h-8 bg-transparent md:text-base text-xs md:w-1/5 w-1/2 overflow-ellipsis whitespace-nowrap"
    >
      Proceed with a New Folio
    </button>
  </div>
  <div
    className="mt-4"
  >
    Investing through?
  </div>
  <div
    className="flex md:my-0 my-2"
  >
    <button
      className="md:mr-4 mr-2 rounded bg-secondary md:w-1/5 w-1/3 h-8 text-white md:text-base text-xs overflow-ellipsis whitespace-nowrap"
    >
      Direct
    </button>
    <button
      className="rounded border-black border-2 h-8 p-1 placeholder-gray-400 outline-0 md:mx-4 mx-2 md:w-1/5 w-1/3 md:text-base text-xs overflow-ellipsis whitespace-nowrap"
    >
      Distributor(ARN)
    </button>
    <button
      className="rounded border-black border-2 h-8 p-1 placeholder-gray-400 outline-0 md:mx-4 mx-2 md:w-1/5 w-1/3 md:text-base text-xs  overflow-ellipsis whitespace-nowrap"
    >
      Advisor / RIA
    </button>
  </div>
</div>
`;
