// Jest Snapshot v1, https://goo.gl/fbAQLP

exports[`should check for SIPForm props and classes 1`] = `
<div
  className="md:m-16 m-4"
>
  <form
    action=""
  >
    <div
      className="flex md:flex-row flex-col-reverse"
    >
      <div
        className="md:w-1/2 w-full md:px-0 px-2"
      >
        <div>
          <div
            className="flex py-2"
          >
            <div
              className="w-1/3"
            >
              <label
                htmlFor=""
              >
                Scheme
              </label>
            </div>
            <div
              className="w-2/3"
            >
              <select
                className="rounded border-black border-2 h-8 p-1 placeholder-gray-400 outline-0 text-gray-400 w-10/12"
                disabled={false}
              >
                <option
                  label="Scheme Name"
                  value=""
                />
                <option
                  label="Blue Chip Mutual Fund"
                  value="blue-chip-mutual-fund"
                />
              </select>
            </div>
          </div>
          <div
            className="flex py-2"
          >
            <div
              className="w-1/3"
            >
              <label
                htmlFor=""
              >
                Option
              </label>
            </div>
            <div
              className="w-2/3"
            >
              <select
                className="rounded border-black border-2 h-8 p-1 placeholder-gray-400 outline-0 text-gray-600 bg-gray-400 w-10/12"
                disabled={true}
              >
                <option
                  label="Growth"
                  value=""
                />
              </select>
            </div>
          </div>
        </div>
        <hr
          className="h-px my-4 bg-gray-400 border-0"
        />
      </div>
      <div
        className="md:w-1/2 w-full md:flex md:px-8 px-2 md:py-0 py-4 self-center"
      >
        Start by setting up a SIP in a scheme of your choice. Remember you cannot choose ELSS or Target Maturity Funds for Future Ready SIP
      </div>
    </div>
    <div
      className="flex md:flex-row flex-col-reverse"
    >
      <div
        className="md:w-1/2 w-full md:px-0 px-2"
      >
        <div
          className="flex"
        >
          <div
            className="w-1/3"
          >
            <label
              htmlFor=""
            >
              SIP Amount
            </label>
          </div>
          <div
            className="w-2/3"
          >
            <input
              className="rounded border-black border-2 h-8 p-1 placeholder-gray-400 outline-0 text-gray-400 w-10/12"
              placeholder="Amount"
              type="text"
            />
          </div>
        </div>
        <hr
          className="h-px my-4 bg-gray-400 border-0"
        />
      </div>
      <div
        className="md:w-1/2 w-full md:flex md:px-8 px-2 md:py-0 py-4 self-center"
      >
        Select the scheme and amount
      </div>
    </div>
    <div
      className="flex md:flex-row flex-col-reverse"
    >
      <div
        className="md:w-1/2 w-full md:px-0 px-2"
      >
        <div>
          <div
            className="flex py-2"
          >
            <div
              className="w-1/3"
            >
              <label
                htmlFor=""
              >
                SIP Start Date
              </label>
            </div>
            <div
              className="w-2/3"
            >
              <div
                className="react-datepicker-wrapper datePicker"
              >
                <div
                  className="react-datepicker__input-container "
                >
                  <span
                    aria-live="polite"
                    className="react-datepicker__aria-live"
                    role="alert"
                  />
                  <input
                    className=""
                    disabled={false}
                    onBlur={[Function]}
                    onChange={[Function]}
                    onClick={[Function]}
                    onFocus={[Function]}
                    onKeyDown={[Function]}
                    placeholder="DD/MM/YYYY"
                    readOnly={false}
                    type="text"
                    value=""
                  />
                </div>
              </div>
            </div>
          </div>
          <div
            className="flex py-2"
          >
            <div
              className="w-1/3"
            >
              <label
                htmlFor=""
              >
                Frequency
              </label>
            </div>
            <div
              className="w-2/3"
            >
              <input
                checked={true}
                type="radio"
                value="monthly"
              />
              <span
                className="md:px-4 px-2"
              >
                Monthly
              </span>
            </div>
          </div>
          <div
            className="flex py-2"
          >
            <div
              className="w-1/3"
            >
              <label
                htmlFor=""
              >
                SIP Duration
              </label>
            </div>
            <div
              className="w-2/3"
            >
              <select
                className="rounded border-black border-2 h-8 p-1 placeholder-gray-400 outline-0 text-gray-400 w-10/12"
                disabled={false}
                onChange={[Function]}
              >
                <option
                  label="Duration"
                  value=""
                />
                <option
                  label="5 years"
                  value="5"
                />
                <option
                  label="10 years"
                  value="10"
                />
                <option
                  label="15 years"
                  value="15"
                />
              </select>
            </div>
          </div>
          <div
            className="flex py-2"
          >
            <div
              className="w-1/3"
            >
              <label
                htmlFor=""
              >
                SIP End Date
              </label>
            </div>
            <div
              className="w-2/3"
            >
              <div
                className="react-datepicker-wrapper datePicker endDate"
              >
                <div
                  className="react-datepicker__input-container "
                >
                  <span
                    aria-live="polite"
                    className="react-datepicker__aria-live"
                    role="alert"
                  />
                  <input
                    className=""
                    disabled={false}
                    onBlur={[Function]}
                    onChange={[Function]}
                    onClick={[Function]}
                    onFocus={[Function]}
                    onKeyDown={[Function]}
                    placeholder="DD/MM/YYYY"
                    readOnly={false}
                    type="text"
                    value=""
                  />
                </div>
              </div>
            </div>
          </div>
        </div>
        <hr
          className="h-px my-4 bg-gray-400 border-0"
        />
      </div>
      <div
        className="md:w-1/2 w-full md:flex md:px-8 px-2 md:py-0 py-4 self-center"
      >
        Choose the start date and duration. Frequency will be monthly.
                        The selected duration will determine the date of the last SIP.
      </div>
    </div>
    <div
      className="flex md:flex-row flex-col-reverse"
    >
      <div
        className="md:w-1/2 w-full md:px-0 px-2"
      >
        <div
          className="flex py-2"
        >
          <div
            className="w-1/2"
          >
            <label
              htmlFor=""
            >
              Do you want to Top-up this SIP?
            </label>
          </div>
          <div
            className="w-1/4"
          >
            <input
              checked={false}
              type="radio"
              value="topUpBooleanTrue"
            />
            <span
              className="md:px-4 px-2"
            >
              Yes
            </span>
          </div>
          <div
            className="w-1/4"
          >
            <input
              checked={false}
              type="radio"
              value="topUpBooleanFalse"
            />
            <span
              className="md:px-4 px-2"
            >
              No
            </span>
          </div>
        </div>
        <hr
          className="h-px my-4 bg-gray-400 border-0"
        />
      </div>
      <div
        className="md:w-1/2 w-full md:flex md:px-8 px-2 md:py-0 py-4 self-center"
      >
        Next, decide if you want to Top-up your SIP. If yes, mention your top-up amount, frequency and the maximum top-up amount
      </div>
    </div>
    <div
      className="flex md:flex-row flex-col-reverse"
    >
      <div
        className="md:w-1/2 w-full md:px-0 px-2"
      >
        <div
          className="flex py-2"
        >
          <div
            className="w-1/2"
          >
            <label
              htmlFor=""
            >
              Do you want to make 1st SIP payment now?
            </label>
          </div>
          <div
            className="w-1/4"
          >
            <input
              checked={false}
              type="radio"
              value="topUpBooleanTrue"
            />
            <span
              className="md:px-4 px-2"
            >
              Yes
            </span>
          </div>
          <div
            className="w-1/4"
          >
            <input
              checked={false}
              type="radio"
              value="topUpBooleanFalse"
            />
            <span
              className="md:px-4 px-2"
            >
              No
            </span>
          </div>
        </div>
        <hr
          className="h-px my-4 bg-gray-400 border-0"
        />
      </div>
      <div
        className="md:w-1/2 w-full md:flex md:px-8 px-2 md:py-0 py-4 self-center"
      >
        Lastly decide if you wish to start your SIP right away.
      </div>
    </div>
    <div
      className="m-4"
    >
      <div>
        <span
          className="font-bold mb-4"
        >
          Registration Mode
        </span>
        <div
          className="my-4"
        >
          <input
            checked={true}
            type="radio"
          />
          <span
            className="md:px-4 px-2"
          >
            Standing Instruction
          </span>
        </div>
        <div
          className="my-4"
        >
          Standing instructions are a means to instruct your bank to auto pay a set amount at regular intervals for your investments
        </div>
      </div>
      <div
        className="font-semibold my-2"
      >
        Select Payment Bank
      </div>
      <div>
        <select
          className="rounded border-black border-2 h-8 p-1 placeholder-gray-400 outline-0 md:w-1/5 w-2/3"
          disabled={false}
        >
          <option
            label="HDFC Bank Limited/Default"
            value=""
          />
        </select>
      </div>
      <div
        className="flex my-2"
      >
        <div
          className="text-gray-400 md:w-1/6 w-1/3 md:text-base text-xs"
        >
          Bank name
        </div>
        <div
          className="md:text-base text-xs"
        >
          :
          HDFC Bank Limited
        </div>
      </div>
      <div
        className="flex my-2"
      >
        <div
          className="text-gray-400 md:w-1/6 w-1/3 md:text-base text-xs"
        >
          Branch Location
        </div>
        <div
          className="md:text-base text-xs"
        >
          :
          TULSIANI CHAMBERS - NARIMAN PT/MUMBAI
        </div>
      </div>
      <div
        className="flex my-2"
      >
        <div
          className="text-gray-400 md:w-1/6 w-1/3 md:text-base text-xs"
        >
          Account Type
        </div>
        <div
          className="md:text-base text-xs"
        >
          :
          SB
        </div>
      </div>
      <div
        className="flex my-2"
      >
        <div
          className="text-gray-400 md:w-1/6 w-1/3 md:text-base text-xs"
        >
          Account Number
        </div>
        <div
          className="md:text-base text-xs"
        >
          :
          000010109878923
        </div>
      </div>
      <div
        className="flex my-2"
      >
        <div
          className="text-gray-400 md:w-1/6 w-1/3 md:text-base text-xs"
        >
          IFSC Code
        </div>
        <div
          className="md:text-base text-xs"
        >
          :
          HDFC000000001
        </div>
      </div>
      <div
        className="flex my-2"
      >
        <div
          className="text-gray-400 md:w-1/6 w-1/3 md:text-base text-xs"
        >
          Payment Mode
        </div>
        <div
          className="md:text-base text-xs"
        >
          :
          Standing Instruction
        </div>
      </div>
    </div>
    <div
      className="flex flex-col justify-center w-full p-8"
    >
      <div />
      <button
        className="border-2 rounded border-amber-400 md:w-3/12 w-1/2 h-8 bg-amber-400 self-center"
        onClick={[Function]}
      >
        Next
      </button>
      <span
        className="self-center text-sm"
      >
        Be Future Ready by starting a SIP today and planning your SWP for future
      </span>
    </div>
  </form>
</div>
`;
